Trying region ap-south-1 (aws-0-ap-south-1.pooler.supabase.com)...
❌ Failed in ap-south-1: (ENOTFOUND) tenant/user postgres.dtokistffdnycrzbmxcr not found
Trying region ap-northeast-2 (aws-0-ap-northeast-2.pooler.supabase.com)...
❌ Failed in ap-northeast-2: (ENOTFOUND) tenant/user postgres.dtokistffdnycrzbmxcr not found
Trying region ap-southeast-1 (aws-0-ap-southeast-1.pooler.supabase.com)...
❌ Failed in ap-southeast-1: timeout expired
Trying region ap-southeast-2 (aws-0-ap-southeast-2.pooler.supabase.com)...
❌ Failed in ap-southeast-2: (ENOTFOUND) tenant/user postgres.dtokistffdnycrzbmxcr not found
Trying region ap-northeast-1 (aws-0-ap-northeast-1.pooler.supabase.com)...
❌ Failed in ap-northeast-1: (ENOTFOUND) tenant/user postgres.dtokistffdnycrzbmxcr not found
Trying region us-east-1 (aws-0-us-east-1.pooler.supabase.com)...
❌ Failed in us-east-1: timeout expired
Trying region us-east-2 (aws-0-us-east-2.pooler.supabase.com)...
❌ Failed in us-east-2: timeout expired
Trying region us-west-1 (aws-0-us-west-1.pooler.supabase.com)...
❌ Failed in us-west-1: timeout expired
Trying region us-west-2 (aws-0-us-west-2.pooler.supabase.com)...
❌ Failed in us-west-2: timeout expired
Trying region eu-west-1 (aws-0-eu-west-1.pooler.supabase.com)...
❌ Failed in eu-west-1: timeout expired
Trying region eu-west-2 (aws-0-eu-west-2.pooler.supabase.com)...
❌ Failed in eu-west-2: timeout expired
Trying region eu-west-3 (aws-0-eu-west-3.pooler.supabase.com)...
❌ Failed in eu-west-3: timeout expired
Trying region eu-central-1 (aws-0-eu-central-1.pooler.supabase.com)...
❌ Failed in eu-central-1: timeout expired
Trying region sa-east-1 (aws-0-sa-east-1.pooler.supabase.com)...
❌ Failed in sa-east-1: timeout expired

❌ Could not connect to any pooler region.
