1. Fetching mail.tm domains...
Email chosen: admin_chavee_1785433605299@web-library.net
2. Creating mail.tm account...
mail.tm account created successfully.
3. Getting mail.tm token...
Got mail.tm token.
4. Signing up to Supabase...
Supabase signup request sent. User ID: 8299d9fc-a482-433a-84e7-736b6d5849a3
5. Polling mail.tm inbox for verification email...
Checking inbox (attempt 1/12)...
Found 1 message(s). Fetching details...
Found verification URL: https://dtokistffdnycrzbmxcr.supabase.co/auth/v1/verify?token=46f7d20330a300d8a8cfcabcfd661d4e891feb2a74e98f1f70a15a66&amp;type=signup&amp;redirect_to=https://chavee.in
6. Confirming email by loading the verification link...
Cleaned URL: https://dtokistffdnycrzbmxcr.supabase.co/auth/v1/verify?token=46f7d20330a300d8a8cfcabcfd661d4e891feb2a74e98f1f70a15a66&type=signup&redirect_to=https://chavee.in
Verification request status: 200
7. Testing sign-in token to confirm...
🎉 SUCCESS! Admin account is fully verified!
Email: admin_chavee_1785433605299@web-library.net
Password: AdminPassword123!
User ID: 8299d9fc-a482-433a-84e7-736b6d5849a3
Database is_admin() check: false
Credentials saved to verified_admin_creds.json
